{
  "outage": {
    "fetch_calls_after_two_attempts": 1,
    "cached_value": {}
  },
  "sector_badges": {
    "inferred": " <span class=\"claim-status claim-status--inferred\">Documenté</span>",
    "referenced": " <span class=\"claim-status claim-status--referenced\">Documenté</span>",
    "reported": " <span class=\"claim-status claim-status--reported\">Rapporté</span>",
    "unknown": ""
  },
  "dropped_types": [
    "contrats",
    "montants",
    "données comptables",
    "informations de commandes",
    "données personnelles",
    "données RH",
    "clients, pharmacies, revendeurs",
    "commentaires"
  ],
  "dropped_occurrences": 26,
  "affected_incidents": [
    "Accent Rouge",
    "Pass Pass",
    "Répar'Store",
    "Herbiolys",
    "LebonSiege",
    "Carte De Pêche",
    "SDIS de la Somme",
    "Easypara",
    "La Ville de Tarnos",
    "Marie Blachère",
    "Actis Location",
    "Frères Toque",
    "Lingor",
    "Ultra Premium Direct"
  ],
  "unique_types": 24
}
