
 INC-DD17DC78C96C Association des Maires de France | 

 INC-5D2D1691FC39 Medikwestindies | 
impact Risque accru de phishing et usurpation d'identité en raison de la combinaison d'informations personnelles. confirmed La combinaison de plusieurs informations personnelles peut favoriser différentes formes de fraude.
threat_actor l'auteur claimed revendiqué par l'auteur

 INC-61993D19E8E2 SAD'S Interim | SAD’S Interim victime d'une cyberattaque exposant données sensibles, revendiquée par le groupe Rhysida.
data_volume 5,79 To claimed Fin août 2026, Rhysida a revendiqué le vol de  5,79 To de données  provenant du réseau de l’État de Berlin et les a mises aux enchères.
discovered_date 2026-09-08 unknown None
impact Risque important d'usurpation d'identité et de fraude lié aux données sensibles exposées. confirmed Un risque majeur d’usurpation et de fraude.
threat_actor rhysida unknown rhysida

 INC-8A100D3C8D40 BumFot | BumFot a subi une cyberattaque exposant les données d'environ 1 300 utilisateurs.
data_volume 481 Ko unknown La publication, intitulée « [FR] BUMFOT.FR | 1.3K », annonce un fichier au format JSON d’environ 481 Ko.

 INC-995C9F7252C1 CC Yvetot Normandie | CC Yvetot Normandie a subi une fuite de près de 250 documents administratifs diffusés sur le darkweb.
fine_location Seine-Maritime unknown La Communauté de communes Yvetot Normandie, située en Seine-Maritime.
impact Diffusion de documents administratifs internes, comprenant des détails sur les travaux de commissions. unknown Les fichiers que nous avons pu vérifier montrent que l’archive contient à la fois des documents administratifs classiques et des éléments plus internes.

 INC-A3D0A851E662 Jinko | Jinko subit une fuite de données de santé affectant plus de 3 500 personnes.
data_volume 3,7 Go claimed 3,7 Go de données médicales et personnelles revendiqués
impact exposition de données médicales et personnelles sensibles claimed la fuite revendiquée contre Jinko.care apparaît particulièrement sensible en raison de la nature des informations qui seraient concernées.
initial_access compromised_credentials unknown Leur présence ne permet pas, à elle seule, de déterminer si l’accès résulte d’une mauvaise configuration, d’identifiants compromis ou d’une autre faille.
threat_actor DaOnlySpark unknown DaOnlySpark  affirme

 INC-EE0E8F96C169 Service national universel | Cyberattaque contre le Service national universel, environ 275 000 comptes compromis.
initial_access vulnerability_exploitation claimed Il revendique l’exploitation d’une vulnérabilité de type IDOR.
threat_actor LunarisSec claimed revendiquée par LunarisSec

 INC-CE20778A3019 Snexi | SNEXI a subi une cyberattaque le 2 septembre 2026 entraînant une violation de données personnelles.
impact Violation des données personnelles de plusieurs propriétaires et locataires. confirmed l’attaque a entraîné une violation de données personnelles.

 INC-EEC788C594CA Aveyron | Fuite de données de 23 381 enregistrements d'utilisateurs et 1 500 CV sur une plateforme d'emploi en Aveyron.
data_volume 465 Mo unknown L’ensemble représente environ  465 Mo de données .
impact exposition de données personnelles détaillées de candidats à l'emploi unknown Un CV concentre suffisamment d’informations pour construire une attaque extrêmement crédible.
threat_actor ChimeraZ unknown ChimeraZ affirme

 INC-0042AA05B202 Footsider | Footsider a subi une cyberattaque exposant les données de 153 000 comptes utilisateurs.
data_volume 2,89 Go unknown Environ  2,89 Go de données réparties dans 84 fichiers  sont désormais proposés au téléchargement.
impact exposition de données personnelles sensibles unknown La présence simultanée d’une date de naissance, d’informations sportives, de photos et parfois d’une localisation précise augmente fortement la sensibilité des profils concernés.
threat_actor DaOnlySpark unknown DaOnlySpark  affirme

 INC-D2432B2095FD Les Curistes | Fuite de données chez Les Curistes concernant plus de 86 000 personnes, avec des informations exposées tels que noms et messages privés.
data_volume 95 Mo unknown Le hacker  ChimeraZ  a diffusé une base de  95 Mo  contenant 328 649 enregistrements et concernant, selon son décompte,  86 073 personnes .
impact Exposition des messages et coordonnées de 86 073 personnes. unknown La diffusion effective des fichiers permet en revanche d’établir que des centaines de milliers de messages associés aux coordonnées de dizaines de milliers de personnes sont aujourd’hui exposés.
third_party ChimeraZ unknown Le hacker ChimeraZ a diffusé une base de 95 Mo contenant 328 649 enregistrements.
threat_actor ChimeraZ claimed Le pirate ChimeraZ affirme détenir 328 649 messages associés à 86 073 personnes.

 INC-A11BA9A22689 OnRecrute.enAveyron.fr | Fuite de données ayant exposé plus de 20 000 personnes et près de 1 500 documents sur OnRecrute.enAveyron.fr.
data_volume 465 Mo claimed L’ensemble revendiqué représente environ 465 Mo, avec 23 381 enregistrements concernant 20 316 personnes.
fine_location Aveyron confirmed Fuite de données en Aveyron : plus de 20 000 personnes
threat_actor ChimeraZ claimed Le pirate ChimeraZ revendique les données de 20 316 personnes ainsi que près de 1 500 documents PDF.

 INC-C0C26C209432 SPA du Pays de Montbéliard | La SPA du Pays de Montbéliard a subi une cyberattaque rendant son site Internet inaccessible.
evolution Le site semble de nouveau accessible. confirmed La SPA indiquait dans son message que son site était inaccessible et que ses équipes travaillaient à son rétablissement.
fine_location Allondans, Doubs confirmed Installée à Allondans, dans le Doubs.
impact SPA du Pays de Montbéliard : une cyberattaque met son site hors ligne confirmed SPA du Pays de Montbéliard : une cyberattaque met son site hors ligne

 INC-F87083F98EA4 Jouvet SAS | Le groupe de ransomware Qilin revendique une cyberattaque contre Jouvet SAS.
discovered_date 2026-09-05 unknown None
fine_location Allonnes, Sarthe claimed Basée à Allonnes, dans la Sarthe, Jouvet SAS.
impact site de fuite claimed None
threat_actor qilin unknown qilin

 INC-C59598DB9453 La Maison Pour Tous | Fuite de données de La Maison Pour Tous avec les noms de 8 000 locataires diffusés par le hacker ChimeraZ.
data_volume 275 Ko unknown La base publiée représente environ  275 Ko au format CSV .
impact Révélation des noms de locataires associés à La Maison Pour Tous. claimed La fuite actuellement diffusée porte avant tout sur plusieurs milliers de noms associés à des locataires.

 INC-36A1CF778488 PassPass | Pass Pass expose près de 19 000 usagers après une cyberattaque revendiquée par le hacker ChimeraZ.
data_volume 214 Mo claimed Celui-ci affirme avoir récupéré puis diffusé une  base partielle de 214 Mo  représentant 92 178 enregistrements et concernant environ  18 861 personnes .
threat_actor ChimeraZ claimed Un utilisateur sous le pseudonyme ChimeraZ affirme publier...

 INC-DC0BCFD579B8 Répar'Store | Répar'Store a subi un incident de sécurité ayant compromis des données clients.

 INC-B44C794AB35B Répar’stores | Répar’stores : les données clients exposées après une cyberattaque
impact phishing ciblé reported None

 INC-44385EDB45C1 YouFid | Fuite de données chez YouFid avec 7 880 enregistrements publiés sur un forum cybercriminel.
impact Publication des données de 7 880 personnes sur un forum. claimed Un utilisateur sous le pseudonyme ChimeraZ affirme publier une partie de la base de données de la plateforme, comprenant 7 880 enregistrements.

 INC-3AC6333A7A42 Accent Rouge | Accent Rouge subit une fuite massive de données avec 32 000 fiches clients divulguées.
data_volume 1,6 Go unknown Le hacker  DaOnlySpark  a publié une base d’environ  1,6 Go , désormais accessible en téléchargement libre.
impact Plus de 32 000 fiches clients et 79 000 adresses diffusées, ainsi que des informations sensibles sur les paiements. unknown Accent Rouge : 32 000 fiches clients diffusées après un piratage de son compte Odoo
threat_actor DaOnlySpark unknown DaOnlySpark affirme

 INC-2C5CEAE9E3AC Association des maires de France | L'Association des maires de France a subi une fuite de 114 000 enregistrements après une cyberattaque.
fine_location amf.asso.fr confirmed sur le site amf.asso.fr.
impact compromission de données d'identité, de contact et de mots de passe en clair confirmed la fuite contient bien de nombreuses données liées aux élus et aux agents publics, des comptes protégés par des hachages bcrypt et, dans une autre table, des identifiants associés à des mots de passe enregistrés directement en clair.
initial_access vulnerability_exploitation claimed Le hacker Alduin affirme avoir exploité une injection SQL sur le site amf.asso.fr avant d’extraire plusieurs tables de sa base de données.
threat_actor Alduin claimed Alduin  affirme

 INC-2C5CD2459F83 Clinique de Vontes | Fuite de données à la Clinique de Vontes concernant 4 111 profils de patients.
fine_location Esvres-sur-Indre, en Indre-et-Loire claimed établissement privé de santé mentale situé à Esvres-sur-Indre, en Indre-et-Loire
impact Publication des données de 4 111 personnes. claimed ChimeraZ affirme avoir récupéré puis publié une base contenant 4 111 enregistrements associés à 4 111 personnes.

 INC-45561E350283 Clinique de Vontes | Fuite de données affectant 4 111 personnes revendiquer par le hacker ChimeraZ au sein du groupe INICEA.
data_volume 2,53 Mo unknown Le fichier publié contient  4 111 enregistrements  et représente environ  2,53 Mo au format JSON .
fine_location Esvres-sur-Indre confirmed la Clinique de Vontes, située à Esvres-sur-Indre
impact Exposition de profils utilisateurs et informations d'organisation interne. confirmed La publication établit néanmoins l’exposition d’un ensemble structuré de plus de 4 000 profils et informations organisationnelles internes à INICEA.
threat_actor ChimeraZ claimed None

 INC-F8485FB8B618 Collège Saint-Michel | Fuite de données au Collège Saint-Michel révélant des informations sur 1 836 personnes.
impact Les informations de 1 836 personnes ont été publiées. claimed L’acteur, utilisant le pseudonyme ChimeraZ, revendique 1 836 personnes.

 INC-3E1B5FCCAEDF Préférence Formations | Fuite de données de plus de 5 200 personnes touchées chez Préférence Formations.
data_volume 375 Ko unknown Le fichier publié représente environ  375 Ko au format CSV .
impact Les données de plus de 5 200 personnes sont désormais accessibles à des tiers. claimed l'exposition d'un ensemble structuré de plus de 5 200 profils , désormais accessibles à des tiers.
threat_actor ChimeraZ claimed None

 INC-2690C398C621 Storia Mundi | Storia Mundi a subi une fuite de données impliquant 17 850 profils d'utilisateurs.
impact Exposition des informations personnelles, des données d'authentification et de paiement. claimed La base diffusée contiendrait les informations personnelles d’environ 17 850 utilisateurs, mais également des données d’authentification, de paiement et de participation aux conférences.
threat_actor DaOnlySpark claimed DaOnlySpark affirme

 INC-83BA7D2DCBF4 BCTI | Fuite de données chez BCTI, comprenant des cartes d'identité et des dossiers immobiliers.
data_volume 12 Mo claimed Celui-ci affirme avoir récupéré une partie de la base de données du service ainsi que plusieurs documents, pour un ensemble d’environ  12 Mo au format JSON et PDF .
evolution base partielle claimed Le hacker présente lui-même le contenu publié comme une base partielle.
impact usurpation d’identité et fraude documentaire claimed None

 INC-B7DBF665E661 Chambre de Métiers et de l’Artisanat d’Occitanie | 

 INC-52ED884732BC Charbonneaux-Brabant | Fuite de données revendiquée chez Charbonneaux-Brabant affectant 2 863 personnes.
data_volume 660 Ko unknown Le fichier publié représente environ  660 Ko de données au format JSON .
fine_location Reims claimed Une entreprise industrielle historique basée à Reims
impact Publication d'une base de données contenant des informations personnelles. claimed affirme avoir récupéré puis publié une base de données attribuée au site.
threat_actor ChimeraZ claimed Un acteur utilisant le pseudonyme ChimeraZ affirme avoir récupéré...

 INC-619638DA1C52 CMA Occitanie | Fuite de données touchant CMA Occitanie avec 1 029 profils exposés par le hacker ChimeraZ.
data_volume 60 Ko unknown Le fichier publié représente environ  60 Ko au format CSV .
impact Exposition de 1 029 profils professionnels. claimed la publication permet en revanche de constater l’exposition d’un fichier structuré contenant plus d’un millier de profils professionnels.

 INC-47CD44FA27B9 ColisExpat | ColisExpat a subi une cyberattaque exposant des pièces d'identité et des données de compte de ses clients.
impact L’environnement compromis a été mis hors ligne confirmed L’environnement compromis a été mis hors ligne
initial_access accès non autorisé confirmed None
threat_actor Landmark Global France confirmed None

 INC-693ABEB9BF8A Delicity | Delicity a confirmé une fuite de données personnelles survenue entre le 9 et le 24 août 2026.
impact fuite de données personnelles confirmed None
threat_actor plateforme claimed plateforme revendique

 INC-E39201703225 Reso | Réso victime d'une fuite massive de données, 675 Go et 530 000 fichiers récupérés par le hacker caustic.
data_volume 675 Go claimed Le hacker  caustic  affirme avoir pénétré son réseau et récupéré environ  675 Go de données internes .
impact Exfiltration de 675 Go de données internes et 530 000 fichiers revendiqués. claimed caustic affirme avoir pénétré le réseau de l’entreprise et exfiltré environ 675 Go de données internes.
third_party fournisseur unknown None
threat_actor caustic claimed caustic  affirme

 INC-B56C65C3FDAC Tisséo | Près de 3 000 personnes exposées après une cyberattaque ciblant Tisséo.
data_volume 1,22 Go claimed Le hacker  ChimeraZ  affirme avoir récupéré puis diffusé une base de  1,22 Go  contenant 13 446 enregistrements et concernant, selon son décompte,  2 877 personnes .
fine_location Toulouse unknown le réseau de transports en commun de l’agglomération toulousaine
impact Fuite de données internes concernant des agents et l'organisation de Tisséo. unknown la fuite permet néanmoins d’établir l’exposition d’un ensemble conséquent de données internes concernant les agents, l’organisation et certains processus d’achat de Tisséo.
threat_actor ChimeraZ unknown ChimeraZ  affirme

 INC-F8CDDC2DD3B7 ZeroGaspi | Une base de 80 000 clients de ZeroGaspi est en vente après une cyberattaque revendiquée par le hacker ksye.
impact Des informations de 80 000 clients mises en vente. claimed Un pirate affirme vendre une **base contenant les informations de 80 000 clients**.
threat_actor ksye claimed ksye affirme

 INC-6BD2DE3819F9 Dropbox | Environ 5 000 comptes Dropbox compromis entre le 4 et le 21 août 2026 par l'exploitation d'une ancienne intégration avec Lenovo.
initial_access third_party confirmed tiers des comptes compromis

 INC-64FE6B5DDB80 FNIM | La FNIM a subi un piratage avec des données sensibles compromises et des accès bancaires revendiqués.
impact diffusion publique de données sensibles entraînant un risque accru de réutilisation claimed La publication ouverte des bases constitue désormais le principal risque.

 INC-C4996B1885D9 Géofoncier | Le hacker ZeroBytes revendique le piratage de la plateforme Géofoncier.fr spécialisée dans l'information foncière.
impact facilite la cartographie de professionnels et le démarchage abusif unknown la centralisation de millions d’informations dans des fichiers directement exploitables peut faciliter la cartographie de professionnels, le démarchage abusif ou des campagnes de phishing ciblées.
threat_actor ZeroBytes unknown ZeroBytes  affirme

 INC-B18279AA1F95 La Boutique du Volet | Une cyberattaque expose les données et l’historique des commandes de clients de La Boutique du Volet.

 INC-CFB60E563EB4 LiveTrail | LiveTrail a subi une cyberattaque ayant exposé les coordonnées des utilisateurs.

 INC-CE9040DC18AB Micromania | Micromania confirme une fuite de données personnelles de ses clients via son prestataire Shipup.
impact atteinte à la confidentialité des données claimed None
initial_access faille de sécurité affectant un logiciel tiers claimed None
third_party Shipup confirmed les éléments recueillis par Cyberattaque.org permettent d’identifier ce prestataire comme étant Shipup.
threat_actor Shipup confirmed None

 INC-15A9F3AC6AC8 Ministère de la Transition écologique | Le ministère de la Transition écologique a subi une cyberattaque, entraînant la revendication des données de milliers d'utilisateurs.

 INC-90A8D0197E17 Shipup | Shipup a subi une cyberattaque entraînant l'exposition de données clients via une vulnérabilité dans Metabase.
impact des tiers non autorisés ont pu accéder à certaines données clients confirmed Les notifications adressées aux personnes concernées montrent que des tiers non autorisés ont pu accéder à certaines données clients.
initial_access vulnerability_exploitation confirmed Shipup , plateforme spécialisée dans le suivi des livraisons et l’expérience post-achat des sites e-commerce, a été touchée par la vague de cyberattaques ayant exploité une vulnérabilité critique dans Metabase .

 INC-582E355E2705 Stade Montois Omnisports | Le Stade Montois Omnisports a subi une cyberattaque importante affectant plusieurs de ses sites et applications internes.
fine_location Mont-de-Marsan confirmed Le Stade Montois est un club omnisports historique de Mont-de-Marsan.

 INC-DF5C519783E8 Ville de Libercourt | La Ville de Libercourt victime d'une cyberattaque revendiquée par le groupe Kairos, avec 817 Go de données menacées de publication.
data_volume 817 Go claimed Ville de Libercourt : 817 Go de données revendiqués après une cyberattaque
discovered_date 2026-09-02 unknown None
fine_location Libercourt, Pas-de-Calais claimed Libercourt est une commune du Pas-de-Calais.
impact usurpation d’identité, phishing ciblé ou fraude reported None
initial_access phishing claimed Une telle combinaison peut faciliter des tentatives d’ usurpation d’identité, de phishing ciblé ou de fraude , notamment en permettant aux attaquants de construire des messages particulièrement crédibles en se faisant passer pour un élu, un agent municipal ou un service administratif.
threat_actor kairos unknown kairos

 INC-72FE2288A677 Bio en Hauts-de-France | Cyberattaque contre Bio en Hauts-de-France entraînant le vol de données personnelles et professionnelles.
fine_location Amiens confirmed L’organisation dispose notamment d’un site à Amiens.
impact Violation de données personnelles et professionnelles. confirmed L'organisation confirme que des données personnelles, professionnelles et relatives aux exploitations agricoles ont été dérobées.

 INC-B0E6BDE8801F Herbiolys | Herbiolys a subi une fuite de données massive, impliquant 1,3 million de lignes et 1 500 IBAN.
impact Des données sensibles, y compris des informations bancaires et personnelles, ont été exposées. claimed La revendication porte sur environ 1,3 million de lignes et près de 1 500 IBAN uniques.
threat_actor Sophia claimed Sophia affirme

 INC-C64E07B15B3F La financière d’Orion | La financière d’Orion : 20 Go de données clients volés après le piratage d’un partenaire
data_volume 20 Go unknown La financière d’Orion : 20 Go de données clients volés après le piratage d’un partenaire
impact des données financières et patrimoniales accessibles à son utilisateur claimed la compromission d’un seul poste peut suffire à exposer des données financières et patrimoniales accessibles à son utilisateur.
initial_access ordinateur d’un conseiller reported None
threat_actor Nova claimed Nova  revendique

 INC-26E2A421AD48 LebonSiege | Fuite de données revendiquée chez LebonSiege, affectant potentiellement plus de 1 000 clients.
impact Les données exposées peuvent être utilisées pour des campagnes de phishing. claimed "peut servir à construire des campagnes de phishing particulièrement crédibles"
threat_actor Sophia claimed un acteur utilisant le pseudonyme **Sophia** affirme avoir récupéré puis publié gratuitement une base de données.

 INC-D4EC64DBBA06 Timetonic | Fuite de données chez TimeTonic impliquant l'exploitation d'une vulnérabilité de Metabase.
impact des données ont été extraites puis publiées sur un forum spécialisé unknown Des données ont été extraites puis publiées sur un forum spécialisé le 25 août.
initial_access vulnerability_exploitation unknown > TimeTonic informe ses utilisateurs d’une fuite de données liée à l’exploitation d’une vulnérabilité critique de Metabase.

 INC-C25397468C49 Carte De Pêche | CarteDePeche.fr : les données d’adhérents, dont des mineurs diffusées
threat_actor Alduin unknown Alduin  affirme

 INC-82F1B88B7CC2 CGT Éduc’Action | CGT Éduc’Action Créteil victime d'une cyberattaque ayant provoqué l'indisponibilité de ses sites pendant plusieurs jours.
fine_location Créteil confirmed CGT Éduc’Action de l’académie de Créteil.
impact Le piratage a entraîné une indisponibilité de plusieurs jours et la modification de contenus déjà publiés. confirmed Le piratage a entraîné une indisponibilité de plusieurs jours et la modification de contenus déjà publiés.

 INC-CFAAEC3E334A Courir | Courir : une compromission massive de l’infrastructure interne après une cyberattaque
threat_actor LAPSUS claimed revendiquée par LAPSUS

 INC-D63CEE9E9005 FFTir | FFTir : les données de 300 000 licenciés mis en vente par un hacker
initial_access vulnerability_exploitation confirmed L’attaquant classe toutefois l’exploitation comme difficile et précise lui-même ne pas connaître l’existence éventuelle d’une injection SQL ou d’autres vulnérabilités.
threat_actor Vagrantly claimed revendiqué par Vagrantly.

 INC-4A2F32292A93 SDIS de la Moselle | Cyberattaque revendiquée contre le SDIS de la Moselle impliquant la fuite de données de 6 434 personnes.
fine_location Moselle claimed Service départemental d’incendie et de secours de la Moselle (SDIS 57)

 INC-FC866DCD1981 SDIS de la Somme | Compromission des accès administrateur du SDIS de la Somme revendiquée sur un forum cybercriminel.
impact Les accès administrateur ont été compromis. claimed un acteur affirme disposer et procéder à la diffusion de **« accès administrateur » associés à sdis80.fr**.

 INC-BD3012E03337 SDIS de l’Essonne | Une cyberattaque a été revendiquée contre le SDIS de l’Essonne avec une compromission d'accès administrateur.

 INC-8B71255FD2C5 SDIS des Bouches-du-Rhône | Fuite de données revendiquée contre le SDIS des Bouches-du-Rhône, affectant potentiellement près de 3 700 personnes.
impact Une base de données a été récupérée et diffusée. claimed un acteur affirme avoir récupéré puis diffusé une base de données associée au site sdis13.fr.

 INC-7EA20E0EEBB7 SDIS des Vosges | Cyberattaque revendiquée contre le SDIS des Vosges avec une fuite de données touchant 3 067 personnes.
fine_location Vosges claimed Service départemental d’incendie et de secours des Vosges (SDIS 88)

 INC-C6401641511B SDIS du Bas-Rhin | Fuite de données au SDIS du Bas-Rhin avec 3 584 personnes potentiellement concernées.
fine_location Bas-Rhin claimed Service départemental d’incendie et de secours du Bas-Rhin (SDIS 67)

 INC-D910AD541B6B SDIS du Gard | Cyberattaque revendiquée contre le SDIS du Gard, touchant plus de 3 100 personnes.

 INC-D9A0C6DBD358 Easypara | Une faille Metabase chez le prestataire Shipp expose les coordonnées de certains clients d'Easypara.
evolution vulnérabilité corrigée unknown la faille a été corrigée.
third_party Shipp unknown Easypara informe certains de ses clients d’un incident de sécurité survenu chez l’un de ses prestataires, Shipp.

 INC-EB3AC8CB9892 La Maison Des Travaux | 
discovered_date 2026-08-29 unknown None
threat_actor qilin unknown qilin

 INC-39643434BF76 La Ville de Tarnos | La Ville de Tarnos a été victime d'une cyberattaque avec demande de rançon et possible vol de données personnelles.
fine_location Tarnos, Landes confirmed La Ville de Tarnos, dans les Landes, confirme avoir été victime d’une cyberattaque.
impact demande de rançon unknown l'attaque informatique s'est accompagnée d'une demande de rançon

 INC-92B98E38166E LCommerce | 

 INC-3C5B9E546782 Marie Blachère | Une base de données de Marie Blachère contenant des données sensibles de salariés a été mise en vente sur un forum cybercriminel.
impact Risque élevé d'usurpation d'identité et de fraude. confirmed Un risque élevé d’usurpation et de fraude.
threat_actor l’auteur de la publication unknown L’auteur de la publication affirme avoir récupéré des informations.

 INC-68BCE0C36286 Zéro Logement Vacant | Zéro Logement Vacant a subi une fuite massive de données, exposant 48 millions de personnes.
impact exposition de données sensibles, facilitant des actions de phishing, d’usurpation ou de fraude. confirmed le rapprochement entre identité, date de naissance, adresse, propriété immobilière, coordonnées de contact et données de comptes professionnels peut faciliter des campagnes de phishing, d’usurpation ou de fraude extrêmement ciblées.
initial_access vulnerability_exploitation claimed Contrairement à plusieurs attaques récentes contre Metabase, il ne revendique pas ici l’exploitation d’une vulnérabilité précise : il affirme avoir disposé d’une session superutilisateur valide .
threat_actor ZeroBytes claimed ZeroBytes  affirme

 INC-195F06B69C3A Actis Location | Actis Location subit une fuite de 666 155 fichiers, représentant 464 Go de données, après une cyberattaque.
data_volume 464 Go unknown Actis Location : 464 Go de factures, devis et RIB de clients exposés après une cyberattaque
impact Exposition de données personnelles et commerciales sensibles confirmed un tiers non autorisé avait pu accéder à certaines données personnelles ainsi qu’à des documents et courriels liés à la relation contractuelle.
initial_access phishing confirmed Ces informations peuvent faciliter des tentatives de phishing ciblé, d’usurpation de fournisseur ou de fraude au paiement , en permettant de construire des messages particulièrement crédibles et contextualisés.
threat_actor ChimeraZ claimed ChimeraZ  revendique

 INC-70B5B8B5751D Frères Toque | Frères Toque victime d'un incident de sécurité compromettant des données personnelles de clients.
impact compromission de données personnelles de clients unknown L’attaque a entraîné un accès non autorisé à des informations personnelles.

 INC-A3C6A92F895D Lingor | Lingor a subi une cyberattaque ayant potentiellement exposé des données sensibles de ses clients.

 INC-6816C47EC89B Minea | Minea a subi une fuite massive de 533 162 profils et 81,6 millions d'activités.
data_volume 105 Go unknown L’ensemble représente plus de  105 Go une fois décompressé .
impact Exposition de 533 162 profils et plus de 81 millions d'enregistrements d'activité. claimed la fuite de données concernerait *...
threat_actor BoneT4p2ndAcc claimed BoneT4p2ndAcc  affirme

 INC-E39645DF5E4E Qare | Intrusion dans Qare, plateforme de téléconsultation, entraînant l'exposition de photos d'enfants.
impact Exposition de données sensibles, y compris des photos d'enfants. unknown L’une d’elles montre un répertoire contenant de nombreux fichiers JPEG et leurs miniatures.

 INC-F6E4FEDC0FE9 Ultra Premium Direct | Fuite de données personnelles chez Ultra Premium Direct suite à une cyberattaque sur un prestataire technique.
impact Des informations clients exposées. confirmed Ultra Premium Direct confirme une fuite de données.
initial_access vulnerability_exploitation confirmed Selon la notification envoyée aux personnes concernées, l’attaque a exploité une faille de sécurité dans les systèmes du prestataire .
third_party Klark.ai confirmed Ce prestataire est Klark.ai.
